// Jest Snapshot v1, https://jestjs.io/docs/snapshot-testing

exports[`game rules presets public presets resolve to the expected rules snapshot 1`] = `
[
  {
    "extends": "default",
    "key": "ema_2025",
    "name": "EMA 2025",
    "ownRules": {
      "abortive_draw": false,
      "agari_yame": "no",
      "bankrupt": "none",
      "big_winds": 1,
      "blessing_of_man": "mangan",
      "chombo": "twenty_thousand_after_uma",
      "continuance_payment": "all",
      "counted_yakuman": false,
      "double_wind_fu_exception": "two_fu",
      "double_yakuman": false,
      "four_concealed_triplets_on_the_pair": 1,
      "goal": 30000,
      "in_case_of_tie": "divide",
      "kan_dora_called_promoted_quad": "before_discard",
      "mangan_rounding_up": true,
      "mixed_sequences": "2/1",
      "nagashi_mangan": false,
      "nine_gates_on_9_waits": 1,
      "noten_penalty": 3000,
      "number_of_players": 4,
      "official_starting_points": 30000,
      "precedence": "ron_first",
      "red_fives": "none",
      "riichi_without_a_next_draw": true,
      "starting_points": 0,
      "tenpai_yame": "no",
      "thirteen_orphans_on_13_waits": 1,
      "west_round": false,
      "yakuman_stacking": false,
    },
    "rules": {
      "abortive_draw": false,
      "after_a_quad": 1,
      "after_attaching": true,
      "agari_yame": "no",
      "all_green": 1,
      "all_green_must_have_green_dragon": false,
      "all_honours": 1,
      "all_inside": 1,
      "all_triplets": 2,
      "apply_if_other_yakuman": true,
      "bankrupt": "none",
      "big_dragons": 1,
      "big_winds": 1,
      "blessing_of_earth": 1,
      "blessing_of_heaven": 1,
      "blessing_of_man": "mangan",
      "chombo": "twenty_thousand_after_uma",
      "common_ends": "2/1",
      "common_flush": "3/2",
      "common_terminals": "2+2",
      "concealed_quad": "sixteen_thirty_two_fu",
      "concealed_quad_after_riichi": true,
      "concealed_sequence": "zero_zero_fu",
      "concealed_triplet": "four_eight_fu",
      "continuance_payment": "all",
      "continuance_payment_pao": "discarder",
      "continuation": "tenpai",
      "counted_yakuman": false,
      "dora": true,
      "double_riichi": "2",
      "double_ron": "yes",
      "double_twin_sequences": 3,
      "double_wind": "1+1",
      "double_wind_fu_exception": "two_fu",
      "double_yakuman": false,
      "edge_middle_pair_wait": "two_fu",
      "eight_consecutive_wins": false,
      "fifth_tile_in_own_hand": false,
      "four_concealed_triplets": 1,
      "four_concealed_triplets_on_the_pair": 1,
      "four_quads": 1,
      "full_straight": "2/1",
      "fully_concealed_hand": 1,
      "furiten_riichi": true,
      "goal": 30000,
      "if_changes_hand_structure": false,
      "if_changes_wait": false,
      "if_changes_yaku": true,
      "in_case_of_tie": "divide",
      "kan_dora": true,
      "kan_dora_called_promoted_quad": "before_discard",
      "kan_dora_concealed_quad": "before_discard",
      "kan_ura_dora": true,
      "last_tile_claim": 1,
      "last_tile_draw": 1,
      "last_tile_draw_after_a_quad": false,
      "liability_payment": "big_dragons_big_winds",
      "little_dragons": "2+2",
      "little_winds": 1,
      "mangan_rounding_up": true,
      "max_points": 0,
      "melded_quad": "eight_sixteen_fu",
      "melded_sequence": "zero_zero_fu",
      "melded_triplet": "two_four_fu",
      "mixed_sequences": "2/1",
      "nagashi_mangan": false,
      "nb_quads_max": 4,
      "nine_gates": 1,
      "nine_gates_on_9_waits": 1,
      "noten_penalty": 3000,
      "number_of_players": 4,
      "official_starting_points": 30000,
      "oka": 0,
      "on_any_tile": false,
      "open_pinfu": "two_fu",
      "open_riichi": false,
      "open_tanyao": true,
      "other_yakus": false,
      "pair": "zero_zero_fu",
      "pairs_2_to_8_in_the_same_suit": false,
      "perfect_ends": "3/2",
      "perfect_flush": "6/5",
      "perfect_terminals": 1,
      "pinfu": 1,
      "pinfu_yaku": false,
      "precedence": "ron_first",
      "red_fives": "none",
      "remaining_riichi_deposits": "final_winner",
      "replacement_tile": true,
      "riichi": 1,
      "riichi_deposits_payment": "bump",
      "riichi_on_the_last_tile": false,
      "riichi_without_a_next_draw": true,
      "robbing_a_quad": 1,
      "seven_pairs": 2,
      "seven_pairs_fu": "twenty_five_fu",
      "shape_tenpai": true,
      "starting_points": 0,
      "swap_calling": "hard",
      "temporary_furiten_duration": "players_discard",
      "tenpai_yame": "no",
      "thirteen_isolated_tiles": false,
      "thirteen_orphans": 1,
      "thirteen_orphans_allows_to_rob_a_concealed_quad": true,
      "thirteen_orphans_on_13_waits": 1,
      "three_concealed_triplets": 2,
      "three_quads": 2,
      "triple_ron": "yes",
      "triple_triplets": 2,
      "twin_sequences": 1,
      "two_han_minimum": false,
      "unbroken": "1+1",
      "ura_dora": true,
      "value_honour": 1,
      "value_honour_fu": "two_fu",
      "west_round": false,
      "winning": "twenty_fu",
      "winning_by_calling_a_tile_on_a_closed_hand": "ten_fu",
      "winning_by_self_draw": "two_fu",
      "yakuman_stacking": false,
    },
  },
  {
    "extends": "default",
    "key": "mahjong_soul",
    "name": "Mahjong Soul",
    "ownRules": {
      "abortive_draw": true,
      "agari_yame": "no",
      "automatic_agari_tenpai_yame": true,
      "bankrupt": "below_zero",
      "big_winds": 2,
      "blessing_of_man": "none",
      "continuance_payment": "bump",
      "continuation_when_abortion": true,
      "counted_yakuman": true,
      "double_wind_fu_exception": "four_fu",
      "double_yakuman": true,
      "four_concealed_triplets_on_the_pair": 2,
      "goal": 30000,
      "in_case_of_tie": "head_bump",
      "kan_dora_called_promoted_quad": "after_discard",
      "mangan_rounding_up": false,
      "mixed_sequences": "2/1",
      "nagashi_mangan": true,
      "nagashi_mangan_count_as_a_win": false,
      "nine_gates_on_9_waits": 2,
      "noten_penalty": 3000,
      "number_of_players": 4,
      "precedence": "ron_pon",
      "red_fives": "three_one_per_suit",
      "riichi_1000_points_min": true,
      "riichi_without_a_next_draw": false,
      "starting_points": 25000,
      "tenpai_yame": "no",
      "thirteen_orphans_on_13_waits": 2,
      "west_round": true,
      "yakuman_stacking": true,
    },
    "rules": {
      "abortive_draw": true,
      "after_a_quad": 1,
      "after_attaching": true,
      "agari_yame": "no",
      "all_green": 1,
      "all_green_must_have_green_dragon": false,
      "all_honours": 1,
      "all_inside": 1,
      "all_triplets": 2,
      "apply_if_other_yakuman": true,
      "automatic_agari_tenpai_yame": true,
      "bankrupt": "below_zero",
      "big_dragons": 1,
      "big_winds": 2,
      "blessing_of_earth": 1,
      "blessing_of_heaven": 1,
      "blessing_of_man": "none",
      "common_ends": "2/1",
      "common_flush": "3/2",
      "common_terminals": "2+2",
      "concealed_quad": "sixteen_thirty_two_fu",
      "concealed_quad_after_riichi": true,
      "concealed_sequence": "zero_zero_fu",
      "concealed_triplet": "four_eight_fu",
      "continuance_payment": "bump",
      "continuance_payment_pao": "discarder",
      "continuation": "tenpai",
      "continuation_when_abortion": true,
      "counted_yakuman": true,
      "dora": true,
      "double_riichi": "2",
      "double_ron": "yes",
      "double_twin_sequences": 3,
      "double_wind": "1+1",
      "double_wind_fu_exception": "four_fu",
      "double_yakuman": true,
      "edge_middle_pair_wait": "two_fu",
      "eight_consecutive_wins": false,
      "fifth_tile_in_own_hand": false,
      "four_concealed_triplets": 1,
      "four_concealed_triplets_on_the_pair": 2,
      "four_quads": 1,
      "full_straight": "2/1",
      "fully_concealed_hand": 1,
      "furiten_riichi": true,
      "goal": 30000,
      "if_changes_hand_structure": false,
      "if_changes_wait": false,
      "if_changes_yaku": true,
      "in_case_of_tie": "head_bump",
      "kan_dora": true,
      "kan_dora_called_promoted_quad": "after_discard",
      "kan_dora_concealed_quad": "before_discard",
      "kan_ura_dora": true,
      "last_tile_claim": 1,
      "last_tile_draw": 1,
      "last_tile_draw_after_a_quad": false,
      "liability_payment": "big_dragons_big_winds",
      "little_dragons": "2+2",
      "little_winds": 1,
      "mangan_rounding_up": false,
      "max_points": 0,
      "melded_quad": "eight_sixteen_fu",
      "melded_sequence": "zero_zero_fu",
      "melded_triplet": "two_four_fu",
      "mixed_sequences": "2/1",
      "nagashi_mangan": true,
      "nagashi_mangan_count_as_a_win": false,
      "nb_quads_max": 4,
      "nine_gates": 1,
      "nine_gates_on_9_waits": 2,
      "noten_penalty": 3000,
      "number_of_players": 4,
      "oka": 0,
      "on_any_tile": false,
      "open_pinfu": "two_fu",
      "open_riichi": false,
      "open_tanyao": true,
      "other_yakus": false,
      "pair": "zero_zero_fu",
      "pairs_2_to_8_in_the_same_suit": false,
      "perfect_ends": "3/2",
      "perfect_flush": "6/5",
      "perfect_terminals": 1,
      "pinfu": 1,
      "pinfu_yaku": false,
      "precedence": "ron_pon",
      "red_fives": "three_one_per_suit",
      "remaining_riichi_deposits": "final_winner",
      "replacement_tile": true,
      "riichi": 1,
      "riichi_1000_points_min": true,
      "riichi_deposits_payment": "bump",
      "riichi_on_the_last_tile": false,
      "riichi_without_a_next_draw": false,
      "robbing_a_quad": 1,
      "seven_pairs": 2,
      "seven_pairs_fu": "twenty_five_fu",
      "shape_tenpai": true,
      "starting_points": 25000,
      "swap_calling": "hard",
      "temporary_furiten_duration": "players_discard",
      "tenpai_yame": "no",
      "thirteen_isolated_tiles": false,
      "thirteen_orphans": 1,
      "thirteen_orphans_allows_to_rob_a_concealed_quad": true,
      "thirteen_orphans_on_13_waits": 2,
      "three_concealed_triplets": 2,
      "three_quads": 2,
      "triple_ron": "yes",
      "triple_triplets": 2,
      "twin_sequences": 1,
      "two_han_minimum": false,
      "unbroken": "1+1",
      "ura_dora": true,
      "value_honour": 1,
      "value_honour_fu": "two_fu",
      "west_round": true,
      "winning": "twenty_fu",
      "winning_by_calling_a_tile_on_a_closed_hand": "ten_fu",
      "winning_by_self_draw": "two_fu",
      "yakuman_stacking": true,
    },
  },
  {
    "extends": "mahjong_soul",
    "key": "mahjong_soul_sanma",
    "name": "Mahjong Soul Sanma",
    "ownRules": {
      "abortive_draw": true,
      "chi": false,
      "dora_after_1_manzu": "nine_manzu",
      "goal": 40000,
      "honba": "2x100",
      "kita_after_pon": false,
      "kita_and_furiten": "no_effect",
      "kita_cancels": "ippatsu_chiho_kyushu_double_riichi",
      "mixed_sequences": "no_manzu",
      "north_as_yaku": "no_guest_wind",
      "north_kita_pei": "nukidora",
      "noten_penalty": 2000,
      "number_of_players": 3,
      "red_fives": "two_red_fives_five_pin_and_north",
      "removed_tiles": "two_to_eight_manzu",
      "rinshan_from_kita": true,
      "rinshan_tiles": 8,
      "ron_on_kita": "yes_without_chankan",
      "scoring": "tsumo_loss_ranked",
      "starting_points": 35000,
      "suufuu_suucha": "no_three_players",
      "target_points": 40000,
      "uma_tie_break": "by_wind",
    },
    "rules": {
      "abortive_draw": true,
      "after_a_quad": 1,
      "after_attaching": true,
      "agari_yame": "no",
      "all_green": 1,
      "all_green_must_have_green_dragon": false,
      "all_honours": 1,
      "all_inside": 1,
      "all_triplets": 2,
      "apply_if_other_yakuman": true,
      "automatic_agari_tenpai_yame": true,
      "bankrupt": "below_zero",
      "big_dragons": 1,
      "big_winds": 2,
      "blessing_of_earth": 1,
      "blessing_of_heaven": 1,
      "blessing_of_man": "none",
      "chi": false,
      "common_ends": "2/1",
      "common_flush": "3/2",
      "common_terminals": "2+2",
      "concealed_quad": "sixteen_thirty_two_fu",
      "concealed_quad_after_riichi": true,
      "concealed_sequence": "zero_zero_fu",
      "concealed_triplet": "four_eight_fu",
      "continuance_payment": "bump",
      "continuance_payment_pao": "discarder",
      "continuation": "tenpai",
      "continuation_when_abortion": true,
      "counted_yakuman": true,
      "dora": true,
      "dora_after_1_manzu": "nine_manzu",
      "double_riichi": "2",
      "double_ron": "yes",
      "double_twin_sequences": 3,
      "double_wind": "1+1",
      "double_wind_fu_exception": "four_fu",
      "double_yakuman": true,
      "edge_middle_pair_wait": "two_fu",
      "eight_consecutive_wins": false,
      "fifth_tile_in_own_hand": false,
      "four_concealed_triplets": 1,
      "four_concealed_triplets_on_the_pair": 2,
      "four_quads": 1,
      "full_straight": "2/1",
      "fully_concealed_hand": 1,
      "furiten_riichi": true,
      "goal": 40000,
      "honba": "2x100",
      "if_changes_hand_structure": false,
      "if_changes_wait": false,
      "if_changes_yaku": true,
      "in_case_of_tie": "head_bump",
      "kan_dora": true,
      "kan_dora_called_promoted_quad": "after_discard",
      "kan_dora_concealed_quad": "before_discard",
      "kan_ura_dora": true,
      "kita_after_pon": false,
      "kita_and_furiten": "no_effect",
      "kita_cancels": "ippatsu_chiho_kyushu_double_riichi",
      "last_tile_claim": 1,
      "last_tile_draw": 1,
      "last_tile_draw_after_a_quad": false,
      "liability_payment": "big_dragons_big_winds",
      "little_dragons": "2+2",
      "little_winds": 1,
      "mangan_rounding_up": false,
      "max_points": 0,
      "melded_quad": "eight_sixteen_fu",
      "melded_sequence": "zero_zero_fu",
      "melded_triplet": "two_four_fu",
      "mixed_sequences": "no_manzu",
      "nagashi_mangan": true,
      "nagashi_mangan_count_as_a_win": false,
      "nb_quads_max": 4,
      "nine_gates": 1,
      "nine_gates_on_9_waits": 2,
      "north_as_yaku": "no_guest_wind",
      "north_kita_pei": "nukidora",
      "noten_penalty": 2000,
      "number_of_players": 3,
      "oka": 0,
      "on_any_tile": false,
      "open_pinfu": "two_fu",
      "open_riichi": false,
      "open_tanyao": true,
      "other_yakus": false,
      "pair": "zero_zero_fu",
      "pairs_2_to_8_in_the_same_suit": false,
      "perfect_ends": "3/2",
      "perfect_flush": "6/5",
      "perfect_terminals": 1,
      "pinfu": 1,
      "pinfu_yaku": false,
      "precedence": "ron_pon",
      "red_fives": "two_red_fives_five_pin_and_north",
      "remaining_riichi_deposits": "final_winner",
      "removed_tiles": "two_to_eight_manzu",
      "replacement_tile": true,
      "riichi": 1,
      "riichi_1000_points_min": true,
      "riichi_deposits_payment": "bump",
      "riichi_on_the_last_tile": false,
      "riichi_without_a_next_draw": false,
      "rinshan_from_kita": true,
      "rinshan_tiles": 8,
      "robbing_a_quad": 1,
      "ron_on_kita": "yes_without_chankan",
      "scoring": "tsumo_loss_ranked",
      "seven_pairs": 2,
      "seven_pairs_fu": "twenty_five_fu",
      "shape_tenpai": true,
      "starting_points": 35000,
      "suufuu_suucha": "no_three_players",
      "swap_calling": "hard",
      "target_points": 40000,
      "temporary_furiten_duration": "players_discard",
      "tenpai_yame": "no",
      "thirteen_isolated_tiles": false,
      "thirteen_orphans": 1,
      "thirteen_orphans_allows_to_rob_a_concealed_quad": true,
      "thirteen_orphans_on_13_waits": 2,
      "three_concealed_triplets": 2,
      "three_quads": 2,
      "triple_ron": "yes",
      "triple_triplets": 2,
      "twin_sequences": 1,
      "two_han_minimum": false,
      "uma_tie_break": "by_wind",
      "unbroken": "1+1",
      "ura_dora": true,
      "value_honour": 1,
      "value_honour_fu": "two_fu",
      "west_round": true,
      "winning": "twenty_fu",
      "winning_by_calling_a_tile_on_a_closed_hand": "ten_fu",
      "winning_by_self_draw": "two_fu",
      "yakuman_stacking": true,
    },
  },
]
`;
