// Jest Snapshot v1, https://jestjs.io/docs/snapshot-testing

exports[`game rules presets public presets resolve to the expected rules snapshot 1`] = `
[
  {
    "extends": "default",
    "key": "ema_2025",
    "name": "EMA 2025",
    "ownRules": {
      "abortive_draw": false,
      "agari_yame": "no",
      "bankrupt": "none",
      "blessing_of_man": "mangan",
      "call_precedence": "ron_first",
      "chombo": "twenty_thousand_after_uma",
      "continuance_payment_on_multiple_ron": "all",
      "counted_yakuman": false,
      "double_wind_fu": "two_fu",
      "double_yakuman": false,
      "honba": "3x100",
      "kan_dora_called_promoted_quad": "before_discard",
      "mangan_rounding_up": true,
      "nagashi_mangan": false,
      "noten_penalty": 3000,
      "number_of_players": 4,
      "red_fives": "none",
      "riichi_without_a_next_draw": true,
      "starting_points": 0,
      "west_round": false,
      "yakuman_stacking": false,
    },
    "rules": {
      "abortive_draw": false,
      "after_attaching": true,
      "agari_yame": "no",
      "bankrupt": "none",
      "blessing_of_man": "mangan",
      "call_precedence": "ron_first",
      "chombo": "twenty_thousand_after_uma",
      "concealed_quad_after_riichi": true,
      "concealed_quad_after_riichi_if_changes_hand_structure": false,
      "concealed_quad_after_riichi_if_changes_yaku": true,
      "continuance_payment_on_multiple_ron": "all",
      "continuance_payment_pao": "discarder",
      "continuation": "tenpai",
      "counted_yakuman": false,
      "dora": true,
      "double_ron": "yes",
      "double_wind_fu": "two_fu",
      "double_yakuman": false,
      "furiten_riichi": true,
      "honba": "3x100",
      "kan_dora": true,
      "kan_dora_called_promoted_quad": "before_discard",
      "kan_dora_concealed_quad": "before_discard",
      "kan_ura_dora": true,
      "last_tile_draw_after_a_quad": false,
      "liability_payment": "big_dragons_big_winds",
      "mangan_rounding_up": true,
      "nagashi_mangan": false,
      "nb_quads_max": 4,
      "noten_penalty": 3000,
      "number_of_players": 4,
      "oka": 0,
      "open_riichi": false,
      "open_tanyao": true,
      "red_fives": "none",
      "remaining_riichi_deposits": "final_winner",
      "riichi_deposits_payment_on_multiple_ron": "bump",
      "riichi_on_the_last_tile": false,
      "riichi_without_a_next_draw": true,
      "shape_tenpai": true,
      "starting_points": 0,
      "swap_calling": "hard",
      "temporary_furiten_duration": "players_discard",
      "tenpai_with_fifth_tile_in_own_hand": false,
      "tenpai_yame": "no",
      "thirteen_orphans_allows_to_rob_a_concealed_quad": true,
      "triple_ron": "yes",
      "two_han_minimum": false,
      "ura_dora": true,
      "west_round": false,
      "yakuman_stacking": false,
    },
  },
  {
    "extends": "default",
    "key": "mahjong_soul",
    "name": "Mahjong Soul",
    "ownRules": {
      "abortive_draw": true,
      "agari_yame": "rank_1",
      "automatic_agari_tenpai_yame": true,
      "bankrupt": "below_zero",
      "blessing_of_man": "none",
      "call_precedence": "ron_pon",
      "continuance_payment_on_multiple_ron": "bump",
      "continuation_when_abortion": true,
      "counted_yakuman": true,
      "double_wind_fu": "four_fu",
      "double_yakuman": true,
      "goal": 30000,
      "honba": "3x100",
      "kan_dora_called_promoted_quad": "after_discard",
      "mangan_rounding_up": false,
      "nagashi_mangan": true,
      "nagashi_mangan_count_as_a_win": false,
      "noten_penalty": 3000,
      "number_of_players": 4,
      "red_fives": "three_one_per_suit",
      "riichi_1000_points_min": true,
      "riichi_without_a_next_draw": false,
      "starting_points": 25000,
      "west_round": true,
      "yakuman_stacking": true,
    },
    "rules": {
      "abortive_draw": true,
      "after_attaching": true,
      "agari_yame": "rank_1",
      "automatic_agari_tenpai_yame": true,
      "bankrupt": "below_zero",
      "blessing_of_man": "none",
      "call_precedence": "ron_pon",
      "concealed_quad_after_riichi": true,
      "concealed_quad_after_riichi_if_changes_hand_structure": false,
      "concealed_quad_after_riichi_if_changes_yaku": true,
      "continuance_payment_on_multiple_ron": "bump",
      "continuance_payment_pao": "discarder",
      "continuation": "tenpai",
      "continuation_when_abortion": true,
      "counted_yakuman": true,
      "dora": true,
      "double_ron": "yes",
      "double_wind_fu": "four_fu",
      "double_yakuman": true,
      "furiten_riichi": true,
      "goal": 30000,
      "honba": "3x100",
      "kan_dora": true,
      "kan_dora_called_promoted_quad": "after_discard",
      "kan_dora_concealed_quad": "before_discard",
      "kan_ura_dora": true,
      "last_tile_draw_after_a_quad": false,
      "liability_payment": "big_dragons_big_winds",
      "mangan_rounding_up": false,
      "nagashi_mangan": true,
      "nagashi_mangan_count_as_a_win": false,
      "nb_quads_max": 4,
      "noten_penalty": 3000,
      "number_of_players": 4,
      "oka": 0,
      "open_riichi": false,
      "open_tanyao": true,
      "red_fives": "three_one_per_suit",
      "remaining_riichi_deposits": "final_winner",
      "riichi_1000_points_min": true,
      "riichi_deposits_payment_on_multiple_ron": "bump",
      "riichi_on_the_last_tile": false,
      "riichi_without_a_next_draw": false,
      "shape_tenpai": true,
      "starting_points": 25000,
      "swap_calling": "hard",
      "temporary_furiten_duration": "players_discard",
      "tenpai_with_fifth_tile_in_own_hand": false,
      "tenpai_yame": "no",
      "thirteen_orphans_allows_to_rob_a_concealed_quad": true,
      "triple_ron": "yes",
      "two_han_minimum": false,
      "ura_dora": true,
      "west_round": true,
      "yakuman_stacking": true,
    },
  },
  {
    "extends": "mahjong_soul",
    "key": "mahjong_soul_sanma",
    "name": "Mahjong Soul Sanma",
    "ownRules": {
      "can_call_kita": true,
      "furiten_from_kita": false,
      "goal": 40000,
      "honba": "2x100",
      "kita_after_pon": false,
      "north_as_yaku": false,
      "noten_penalty": 2000,
      "number_of_players": 3,
      "red_fives": "two_red_fives_five_pin_and_five_sou",
      "rinshan_from_kita": true,
      "ron_on_kita": "yes_without_chankan",
      "starting_points": 35000,
    },
    "rules": {
      "abortive_draw": true,
      "after_attaching": true,
      "agari_yame": "rank_1",
      "automatic_agari_tenpai_yame": true,
      "bankrupt": "below_zero",
      "blessing_of_man": "none",
      "call_precedence": "ron_pon",
      "can_call_kita": true,
      "concealed_quad_after_riichi": true,
      "concealed_quad_after_riichi_if_changes_hand_structure": false,
      "concealed_quad_after_riichi_if_changes_yaku": true,
      "continuance_payment_on_multiple_ron": "bump",
      "continuance_payment_pao": "discarder",
      "continuation": "tenpai",
      "continuation_when_abortion": true,
      "counted_yakuman": true,
      "dora": true,
      "double_ron": "yes",
      "double_wind_fu": "four_fu",
      "double_yakuman": true,
      "furiten_from_kita": false,
      "furiten_riichi": true,
      "goal": 40000,
      "honba": "2x100",
      "kan_dora": true,
      "kan_dora_called_promoted_quad": "after_discard",
      "kan_dora_concealed_quad": "before_discard",
      "kan_ura_dora": true,
      "kita_after_pon": false,
      "last_tile_draw_after_a_quad": false,
      "liability_payment": "big_dragons_big_winds",
      "mangan_rounding_up": false,
      "nagashi_mangan": true,
      "nagashi_mangan_count_as_a_win": false,
      "nb_quads_max": 4,
      "north_as_yaku": false,
      "noten_penalty": 2000,
      "number_of_players": 3,
      "oka": 0,
      "open_riichi": false,
      "open_tanyao": true,
      "red_fives": "two_red_fives_five_pin_and_five_sou",
      "remaining_riichi_deposits": "final_winner",
      "riichi_1000_points_min": true,
      "riichi_deposits_payment_on_multiple_ron": "bump",
      "riichi_on_the_last_tile": false,
      "riichi_without_a_next_draw": false,
      "rinshan_from_kita": true,
      "ron_on_kita": "yes_without_chankan",
      "shape_tenpai": true,
      "starting_points": 35000,
      "swap_calling": "hard",
      "temporary_furiten_duration": "players_discard",
      "tenpai_with_fifth_tile_in_own_hand": false,
      "tenpai_yame": "no",
      "thirteen_orphans_allows_to_rob_a_concealed_quad": true,
      "triple_ron": "yes",
      "two_han_minimum": false,
      "ura_dora": true,
      "west_round": true,
      "yakuman_stacking": true,
    },
  },
]
`;
